// 同步 ID: 0542145a @ Tue Jul 14 07:20:14 UTC 2026
// 同步 ID: 6e3aa209 @ Fri Jul 17 06:42:17 UTC 2026
// 重构日志: 371026a3
// 同步 ID: b01d1403 @ Mon Jul 20 12:18:17 UTC 2026
// 重构日志: 7f97e415
// 重构日志: 0ce8196c
// 同步 ID: 77631342 @ Sat Jul 25 09:44:17 UTC 2026
// 重构日志: 85ac6c1a
// 同步 ID: da91a88b @ Sun Jul 26 07:39:07 UTC 2026
// 重构日志: 0b425ae8
// 同步 ID: dc00eae3 @ Sun Jul 26 16:32:13 UTC 2026
// 重构日志: 123af6df
// 重构日志: ec5dc582
// 重构日志: cf71547d
// 同步 ID: abb94151 @ Tue Jul 28 04:09:51 UTC 2026
// 同步 ID: b52caa4d @ Tue Jul 28 16:55:52 UTC 2026
// 重构日志: 37636356
// 重构日志: 520353b8
// 重构日志: fdee2e06
// 同步 ID: b2c3830c @ Fri Jul 31 04:06:51 UTC 2026
// 重构日志: ee9ed724
// 同步 ID: fa5af68f @ Sat Aug  1 11:55:47 UTC 2026
// 重构日志: ea81f852
// 重构日志: fccf2375
// 重构日志: 112139de
// 重构日志: 56f9e6eb
// 重构日志: 33e665a3
// 重构日志: 33711c70
// 重构日志: c48b55e7
// 同步 ID: 92a1d080 @ Wed Aug  5 10:01:17 UTC 2026
